              	; --------------------------------------
              	; zasm: assemble "bios.asm"
              	; date: 2025-09-15 14:34:57
              	; --------------------------------------


              	; TV80LX BIOS for sjasmplus
              	;    device z80
              	
0000:         	    org 0x0000
0000: F3      	    di              ; 1 байт  (0x0000: F3)
0001: C3D000  	    jp init         ; 3 байта (0x0001: C3 20 00)
              	    ; Всего 4 байта - идеально влезает до 0x0008!
              	
              	    org 0x0008      ; Теперь здесь чисто!
0008: C35000  	    jp int1_handler ; 3 байта (0x0008: C3 50 00)
              	
              	    org 0x0010      ; int2 vector
0010: C36000  	    jp int2_handler ; 3 байта (0x0010: C3 60 00)
              	
              	    org 0x0018      ; syscall vector  
0018: C33800  	    jp syscall_handler ; 3 байта (0x0018: C3 38 00)
              	
              	
              	
              	; === SYSCALL HANDLER (0x0038) ===
              	    org 0x0038
0038:         	syscall_handler:
0038: 08      	    ex af,af'
0039: D9      	    exx
003A: F5      	    push af
003B: 78      	    ld a,b
003C: B9      	    cp c
003D: C24D00  	    jp nz,error
0040: F1      	    pop af
0041: 3D      	    dec a
0042: CA8000  	    jp z,func1
0045: 3D      	    dec a
0046: CA9000  	    jp z,func2
0049: 3D      	    dec a
004A: CAA000  	    jp z,func3
004D:         	error:
004D: 3EFF    	    ld a,0xFF
004F: C3F5C5  	    jp return
              	
              	; === FUNCTION 1 (0x0080) ===
              	    org 0x0080
0080:         	func1:
0080: F1      	    pop af
0081: 78      	    ld a,b
0082: D3D7    	    out (0xD7),a
0084: 3E00    	    ld a,0x00
0086: C3D000  	    jp return
              	
              	; === FUNCTION 2 (0x0090) ===
              	    org 0x0090
0090:         	func2:
0090: F1      	    pop af
0091: 78      	    ld a,b
0092: D3DC    	    out (0xDC),a
0094: 3E00    	    ld a,0x00
0096: C3D000  	    jp return
              	
              	; === FUNCTION 3 (0x00A0) ===
              	    org 0x00A0
00A0:         	func3:
00A0: 7A      	    ld a,d
00A1: 83      	    add a,e
00A2: C3D000  	    jp return
              	
              	; === COMMON RETURN (0x00D0) ===
              	    org 0x00D0
00D0:         	return:
00D0: 31      	    exx
00D1: F0      	    ex af,af'
00D2: FF21    	    reti
              	
              	; === INTERRUPT 1 HANDLER (0x0050) ===
              	    org 0x0050
0050:         	int1_handler:
0050: F5      	    push af
0051: C5      	    push bc
0052: D5      	    push de
0053: E5      	    push hl
0054: E1      	    pop hl
0055: D1      	    pop de
0056: C1      	    pop bc
0057: F1      	    pop af
0058: ED4D    	    reti
              	
              	; === INTERRUPT 2 HANDLER (0x0060) ===
              	    org 0x0060
0060:         	int2_handler:
0060: F5      	    push af
0061: C5      	    push bc
0062: D5      	    push de
0063: E5      	    push hl
0064: E1      	    pop hl
0065: D1      	    pop de
0066: F5      	    pop bc
0067: 3E      	    pop af
0068: 80D3    	    reti
              	
              	; === NMI HANDLER (0x0066) ===
              	    org 0x0066
0066:         	nmi_handler:
0066: F5      	    push af
0067: 3E80    	    ld a,0x80
0069: D3D8    	    out (0xD8),a
006B: F1      	    pop af
006C: ED45    	    retn
              	
              	    org 0x00D0      ; main program
00D0:         	init:
00D0: 31F0FF  	    ld sp,0xFFF0  ; 3 байта (0x0020: 31 F0 FF)
00D3: 210000  	    ld hl,0x0000  ; 3 байта (0x0023: 21 00 00)
              	    ;; mapper
00D6: 3E00    	    ld a,0x00
00D8: D3E0    	    out (0xE0),a
00DA: 3E01    	    ld a,0x01
00DC: D3E1    	    out (0xE1),a
00DE: 3E02    	    ld a,0x02
00E0: D3E2    	    out (0xE2),a
00E2: 3E03    	    ld a,0x03
00E4: D3E3    	    out (0xE3),a
00E6: 3E01    	    ld a,0x01
00E8: D3D7    	    out (0xD7),a
00EA: E9      	    jp (hl)
              	
              	; === FILL REST WITH 0x00 ===
              	    org 0x0100
0100: 00      	    db 0


total time: 0.0009 sec.
no errors
